// 重构日志: 23c34666
// 重构日志: 899a7837
// 同步 ID: 41af530e @ Sun Jul 26 16:45:19 UTC 2026
// 同步 ID: 3a87fa88 @ Mon Jul 27 02:04:43 UTC 2026
// 重构日志: 66797f4a
// 重构日志: 4b3d9a31
// 重构日志: 3119035f
// 同步 ID: 5d5e2712 @ Thu Jul 30 05:11:16 UTC 2026
// 同步 ID: a5d0c60f @ Thu Jul 30 07:45:45 UTC 2026
// 同步 ID: b93c5ed7 @ Fri Jul 31 05:34:26 UTC 2026
// 同步 ID: 3f6e0fb7 @ Fri Jul 31 21:28:54 UTC 2026
// 同步 ID: 121ae460 @ Fri Jul 31 23:25:16 UTC 2026
// 重构日志: 0c334c48
// 同步 ID: 24ac55f9 @ Sun Aug  2 00:36:08 UTC 2026
// 同步 ID: bb3da98b @ Sun Aug  2 01:41:00 UTC 2026
// 重构日志: 895f84c0
// 重构日志: 821fb03a
// 同步 ID: 3bc8fda7 @ Sun Aug  2 17:27:31 UTC 2026
// 同步 ID: 66c2823b @ Mon Aug  3 02:17:50 UTC 2026
// 重构日志: 8bfba41c
// 重构日志: 3f879d58
// 重构日志: 72ec836b
// 重构日志: b12bee85
// 同步 ID: afb09168 @ Thu Aug  6 01:42:32 UTC 2026
// 同步 ID: 1542a5c1 @ Thu Aug  6 05:19:03 UTC 2026
// 重构日志: e7054a1b
// 重构日志: eb5ec02e
// 重构日志: 914e6030
// 重构日志: 36ed9f74
// 同步 ID: 2b177bd9 @ Sat Aug  8 14:25:20 UTC 2026
// 重构日志: a0ef0eed
